2026-09-07 00:59:20.013 xcodebuild[37276:487428] [MT] IDEDistribution: -[IDEDistributionLogging _createLoggingBundleAtPath:]: Created bundle at path "/var/folders/gm/n4qd_jjd7w978rs4pvt6kzyh0000gn/T/CastReader_2026-09-07_00-59-20.012.xcdistributionlogs".
2026-09-07 01:01:27.305 xcodebuild[37276:487428] Starting upload
2026-09-07 01:01:33.194 xcodebuild[37276:487445] Progress 0%: Making copy of ‘CastReader.ipa’…
2026-09-07 01:01:33.200 xcodebuild[37276:487445] Progress 0%: Making copy of ‘CastReader.ipa’…
2026-09-07 01:01:33.203 xcodebuild[37276:487445] Progress 0%: Preparing to upload ‘CastReader.ipa’…
2026-09-07 01:02:07.757 xcodebuild[37276:488423] Progress 0%: Analyzing package…
2026-09-07 01:02:10.815 xcodebuild[37276:488423] Progress 0%: Sending analysis to App Store Connect…
2026-09-07 01:02:19.627 xcodebuild[37276:488423] Progress 0%: Waiting for App Store Connect analysis response…
2026-09-07 01:02:22.983 xcodebuild[37276:488423] Progress 0%: Waiting for App Store Connect analysis response…
2026-09-07 01:02:55.239 xcodebuild[37276:488423] Progress 0%: Sending SPI analysis to App Store Connect…
2026-09-07 01:03:01.448 xcodebuild[37276:488423] Progress 0%: Waiting for App Store Connect SPI analysis response…
2026-09-07 01:03:03.825 xcodebuild[37276:488423] Progress 0%: Waiting for App Store Connect SPI analysis response…
2026-09-07 01:03:18.757 xcodebuild[37276:488423] Progress 0%: Requesting upload instructions from App Store Connect…
2026-09-07 01:03:21.616 xcodebuild[37276:488423] Progress 0%: Preparing file for upload to App Store Connect…
2026-09-07 01:03:21.639 xcodebuild[37276:488423] Progress 0%: Preparing file for upload to App Store Connect…
2026-09-07 01:03:21.640 xcodebuild[37276:488423] Progress 0%: Uploading to App Store Connect…
2026-09-07 01:03:21.734 xcodebuild[37276:488423] Progress 14%: Uploading to App Store Connect…
2026-09-07 01:03:21.734 xcodebuild[37276:488423] Progress 14%: Uploading to App Store Connect…
2026-09-07 01:03:23.535 xcodebuild[37276:488423] Progress 33%: Uploading to App Store Connect…
2026-09-07 01:03:23.536 xcodebuild[37276:488423] Progress 33%: Uploading to App Store Connect…
2026-09-07 01:03:24.335 xcodebuild[37276:488423] Progress 66%: Uploading to App Store Connect…
2026-09-07 01:03:24.336 xcodebuild[37276:488423] Progress 66%: Uploading to App Store Connect…
2026-09-07 01:03:24.885 xcodebuild[37276:488423] Progress 71%: Uploading to App Store Connect…
2026-09-07 01:03:24.885 xcodebuild[37276:488423] Progress 71%: Uploading to App Store Connect…
2026-09-07 01:03:25.574 xcodebuild[37276:488423] Progress 86%: Uploading to App Store Connect…
2026-09-07 01:03:25.581 xcodebuild[37276:488423] Progress 86%: Uploading to App Store Connect…
2026-09-07 01:03:30.990 xcodebuild[37276:488423] Progress 97%: Uploading to App Store Connect…
2026-09-07 01:03:30.991 xcodebuild[37276:488423] Progress 97%: Uploading to App Store Connect…
2026-09-07 01:03:32.380 xcodebuild[37276:488423] Progress 100%: Uploading to App Store Connect…
2026-09-07 01:03:32.381 xcodebuild[37276:488423] Progress 100%: Uploading to App Store Connect…
2026-09-07 01:03:36.149 xcodebuild[37276:488423] Progress 100%: Completing upload…
2026-09-07 01:03:37.849 xcodebuild[37276:488423] Progress 100%: Waiting for package to begin processing…
2026-09-07 01:03:38.543 xcodebuild[37276:488423] Progress 100%: Uploaded package is processing.
2026-09-07 01:03:38.546 xcodebuild[37276:488423] Progress 100%: Upload succeeded.
Uploaded CastReader
** EXPORT SUCCEEDED **

