# 2026-09-20; final device build 02C7018B-DBE0-3929-BDF8-2C8049F40166
09:56:24.252 WEREAD page commit prior= next=521eee21 confirmed=false epoch=2 cols= geometry=fillText glyphs=32 paras=1
09:56:57.795 EXPLAIN mode activation autoplay=N status=idle paras=1
09:57:09.033 EXPLAIN start requested status=idle reuse=N paras=1
09:57:09.080 EXPLAIN plan request idxBase=0 paras=1 chars=32 fp=e21cfac7566208fe prevSummaryChars=0
09:57:11.138 WEREAD explain short-page continue count=1
09:57:11.139 WEREAD page turn action=semantic-next fingerprint=521eee21
09:57:11.788 WEREAD page commit prior=521eee21 next=994fc1fb confirmed=true epoch=3 cols= geometry=fillText glyphs=103 paras=2
09:57:11.790 WEREAD explain confirmed-page restart=Y prefetched=N prior=521eee21 next=994fc1fb
09:57:11.791 EXPLAIN start requested status=idle reuse=N paras=2
09:57:11.830 EXPLAIN plan request idxBase=0 paras=2 chars=153 fp=a9d2374906c9c1c9 prevSummaryChars=0
09:57:18.451 AUDIO enqueue segment=0-0 queue=1 waiting=N auto=Y
09:57:18.487 AUDIO enqueue segment=0-1 queue=2 waiting=N auto=Y
09:57:18.626 AUDIO state reason=time-control actual=paused waiting=Y rate=1.25 segment=0-0
09:57:18.654 AUDIO state reason=time-control actual=playing waiting=N rate=1.25 segment=0-0
09:57:22.652 AUDIO item finished segment=0-0 index=0/2
09:57:22.692 AUDIO state reason=time-control actual=paused waiting=Y rate=1.25 segment=0-1
09:57:22.720 AUDIO state reason=time-control actual=playing waiting=N rate=1.25 segment=0-1
09:57:33.292 AUDIO item finished segment=0-1 index=1/2
09:57:33.293 WEREAD page turn action=semantic-next fingerprint=994fc1fb
09:57:33.484 WEREAD page commit prior=994fc1fb next=6d50c066 confirmed=true epoch=4 cols= geometry=fillText glyphs=265 paras=3
09:57:33.488 WEREAD explain confirmed-page restart=Y prefetched=Y prior=994fc1fb next=6d50c066
09:57:33.491 AUDIO enqueue segment=0-0 queue=1 waiting=N auto=Y
09:57:33.499 AUDIO enqueue segment=0-1 queue=2 waiting=N auto=Y
09:57:33.499 AUDIO enqueue segment=0-2 queue=3 waiting=N auto=Y
09:57:33.566 AUDIO state reason=time-control actual=paused waiting=Y rate=1.25 segment=0-0
09:57:33.598 AUDIO state reason=time-control actual=playing waiting=N rate=1.25 segment=0-0
09:57:38.212 AUDIO item finished segment=0-0 index=0/3
09:57:38.248 AUDIO state reason=time-control actual=paused waiting=Y rate=1.25 segment=0-1
09:57:38.277 AUDIO state reason=time-control actual=playing waiting=N rate=1.25 segment=0-1
09:57:41.452 AUDIO item finished segment=0-1 index=1/3
09:57:41.514 AUDIO state reason=time-control actual=paused waiting=Y rate=1.25 segment=0-2
09:57:41.540 AUDIO state reason=time-control actual=playing waiting=N rate=1.25 segment=0-2
09:57:55.912 AUDIO item finished segment=0-2 index=2/3
09:57:55.913 WEREAD page turn action=semantic-next fingerprint=6d50c066
09:57:56.099 WEREAD page commit prior=6d50c066 next=ce7457ee confirmed=true epoch=5 cols= geometry=fillText glyphs=278 paras=3
09:57:56.103 WEREAD explain confirmed-page restart=Y prefetched=Y prior=6d50c066 next=ce7457ee
09:57:56.106 AUDIO enqueue segment=0-0 queue=1 waiting=N auto=Y
09:57:56.109 AUDIO enqueue segment=0-1 queue=2 waiting=N auto=Y
09:57:56.110 AUDIO enqueue segment=0-2 queue=3 waiting=N auto=Y
09:57:56.151 AUDIO state reason=time-control actual=paused waiting=Y rate=1.25 segment=0-0
09:57:56.181 AUDIO state reason=time-control actual=playing waiting=N rate=1.25 segment=0-0
09:58:03.292 AUDIO item finished segment=0-0 index=0/3
09:58:03.351 AUDIO state reason=time-control actual=paused waiting=Y rate=1.25 segment=0-1
09:58:03.393 AUDIO state reason=time-control actual=playing waiting=N rate=1.25 segment=0-1
09:58:07.332 READ generate start para=0 epoch=4 chars=111
09:58:08.013 AUDIO enqueue segment=0-0 queue=1 waiting=N auto=Y
09:58:08.114 AUDIO state reason=time-control actual=paused waiting=Y rate=1.25 segment=0-0
09:58:08.138 AUDIO state reason=time-control actual=playing waiting=N rate=1.25 segment=0-0
09:58:09.297 AUDIO enqueue segment=0-1 queue=2 waiting=N auto=Y
09:58:10.119 AUDIO enqueue segment=0-2 queue=3 waiting=N auto=Y
09:58:10.121 READ generate done para=0 epoch=4 segs=3
09:58:11.382 AUDIO item finished segment=0-0 index=0/3
09:58:11.424 AUDIO state reason=time-control actual=paused waiting=Y rate=1.25 segment=0-1
09:58:11.453 AUDIO state reason=time-control actual=playing waiting=N rate=1.25 segment=0-1
09:58:20.312 AUDIO item finished segment=0-1 index=1/3
09:58:20.381 AUDIO state reason=time-control actual=paused waiting=Y rate=1.25 segment=0-2
09:58:20.422 AUDIO state reason=time-control actual=playing waiting=N rate=1.25 segment=0-2
09:59:36.363 WEREAD manual page button direction=next read=N explain=N
09:59:37.637 WEREAD page commit prior=ce7457ee next=8a2e9ba0 confirmed=true epoch=6 cols= geometry=fillText glyphs=291 paras=3
09:59:46.864 EXPLAIN mode activation autoplay=N status=idle paras=3
10:00:58.135 EXPLAIN start requested status=idle reuse=N paras=3
10:00:58.185 EXPLAIN plan request idxBase=0 paras=3 chars=293 fp=0eac8bc4bbc92c5c prevSummaryChars=0
10:01:07.476 TTS clone response request=1CBC6C9C-3B90-4882-8A5A-07AA31B2CFF3 status=200 quota=async attempt=1 remaining=6171
10:01:09.087 TTS clone response request=BB9CC556-BC1C-4A9E-9E7A-A48B0DBAD3F8 status=200 quota=async attempt=1 remaining=6168
10:01:09.982 TTS clone response request=6FFBBC81-6709-4F00-BC27-F9A12D5A6161 status=200 quota=async attempt=1 remaining=6165
10:01:12.193 TTS clone response request=594E8522-48A5-4C04-BB76-688574F42A70 status=200 quota=async attempt=1 remaining=6154
10:01:12.720 AUDIO enqueue segment=0-0 queue=1 waiting=N auto=Y
10:01:12.733 AUDIO enqueue segment=0-1 queue=2 waiting=N auto=Y
10:01:12.734 AUDIO enqueue segment=0-2 queue=3 waiting=N auto=Y
10:01:12.799 AUDIO state reason=time-control actual=paused waiting=Y rate=1.25 segment=0-0
10:01:12.830 AUDIO state reason=time-control actual=playing waiting=N rate=1.25 segment=0-0
10:01:13.537 TTS clone response request=FEFFFFCC-9921-4ECC-87CD-E7A1BF111A8D status=200 quota=async attempt=1 remaining=6132
10:01:19.034 AUDIO item finished segment=0-0 index=0/3
10:01:19.096 AUDIO state reason=time-control actual=paused waiting=Y rate=1.25 segment=0-1
10:01:19.136 AUDIO state reason=time-control actual=playing waiting=N rate=1.25 segment=0-1
10:01:21.654 AUDIO item finished segment=0-1 index=1/3
10:01:21.713 AUDIO state reason=time-control actual=paused waiting=Y rate=1.25 segment=0-2
10:01:21.739 AUDIO state reason=time-control actual=playing waiting=N rate=1.25 segment=0-2
10:01:29.393 AUDIO item finished segment=0-2 index=2/3
10:01:29.421 AUDIO enqueue segment=1-0 queue=1 waiting=N auto=Y
10:01:29.429 AUDIO enqueue segment=1-1 queue=2 waiting=N auto=Y
10:01:29.482 AUDIO state reason=time-control actual=paused waiting=Y rate=1.25 segment=1-0
10:01:29.508 AUDIO state reason=time-control actual=playing waiting=N rate=1.25 segment=1-0
10:01:34.404 AUDIO item finished segment=1-0 index=0/2
10:01:34.444 AUDIO state reason=time-control actual=paused waiting=Y rate=1.25 segment=1-1
10:01:34.491 AUDIO state reason=time-control actual=playing waiting=N rate=1.25 segment=1-1
10:01:45.794 AUDIO item finished segment=1-1 index=1/2
10:01:45.795 WEREAD page turn action=semantic-next fingerprint=8a2e9ba0
10:01:45.984 WEREAD page commit prior=8a2e9ba0 next=853754e0 confirmed=true epoch=7 cols= geometry=fillText glyphs=295 paras=2
10:01:45.984 WEREAD explain confirmed-page restart=Y prefetched=N prior=8a2e9ba0 next=853754e0
10:01:45.986 EXPLAIN start requested status=idle reuse=N paras=2
10:01:46.015 EXPLAIN plan request idxBase=0 paras=2 chars=306 fp=b7b92c8d00c72db2 prevSummaryChars=0
10:01:52.589 TTS clone response request=B89C85FF-F9D4-44BD-B5DA-B40ABF0B8FCD status=200 quota=async attempt=1 remaining=6128
10:01:54.003 TTS clone response request=525EF3A3-C77D-4889-8109-612F0D129400 status=200 quota=async attempt=1 remaining=6128
10:01:56.653 TTS clone response request=4839B92A-B38E-469D-AD08-E92FD9D2469A status=200 quota=async attempt=1 remaining=6111
10:01:57.513 AUDIO enqueue segment=0-0 queue=1 waiting=N auto=Y
10:01:57.532 AUDIO enqueue segment=0-1 queue=2 waiting=N auto=Y
10:01:57.533 AUDIO enqueue segment=0-2 queue=3 waiting=N auto=Y
10:01:57.602 AUDIO state reason=time-control actual=paused waiting=Y rate=1.25 segment=0-0
10:01:57.633 AUDIO state reason=time-control actual=playing waiting=N rate=1.25 segment=0-0
10:02:01.685 TTS clone response request=B37693E2-8904-463F-9AFC-BC81A17C0147 status=200 quota=async attempt=1 remaining=6112
10:02:04.091 TTS clone response request=9F6A2AB3-E346-4797-A0C9-9CCC1C3A328C status=200 quota=async attempt=1 remaining=6097
10:02:06.084 AUDIO item finished segment=0-0 index=0/3
10:02:06.126 AUDIO state reason=time-control actual=paused waiting=Y rate=1.25 segment=0-1
10:02:06.154 AUDIO state reason=time-control actual=playing waiting=N rate=1.25 segment=0-1
10:02:06.398 TTS clone response request=5F958D81-C0B5-4F8E-AB64-32CE66B24441 status=200 quota=async attempt=1 remaining=6090
10:02:08.564 AUDIO item finished segment=0-1 index=1/3
10:02:08.605 AUDIO state reason=time-control actual=paused waiting=Y rate=1.25 segment=0-2
10:02:08.634 AUDIO state reason=time-control actual=playing waiting=N rate=1.25 segment=0-2
