Command line invocation:
    /Applications/Xcode.app/Contents/Developer/usr/bin/xcodebuild test-without-building -workspace CastReader.xcworkspace -scheme CastReader -destination "platform=iOS Simulator,id=098A257C-0F26-41A6-A8D6-83E1C563BDEE" -derivedDataPath /tmp/CastReaderSafariIPhone68-SurfaceSimulator "-only-testing:CastReaderUITests/SafariLiveReadingUITests/testInstalledSafariReadingControls" -resultBundlePath /tmp/SafariFinalProductionUI6.xcresult

Resolve Package Graph


Resolved source packages:
  SwiftSoup: https://github.com/scinfu/SwiftSoup.git @ 2.13.5
  ZIPFoundation: https://github.com/weichsel/ZIPFoundation @ 0.9.20

Writing result bundle at path:
	/tmp/SafariFinalProductionUI6.xcresult

2026-09-27 00:10:53.879924+0800 CastReaderUITests-Runner[11289:156752] [Default] Running tests...
    t =      nans Interface orientation changed to Portrait
Test Suite 'Selected tests' started at 2026-09-27 00:10:54.709.
Test Suite 'CastReaderUITests.xctest' started at 2026-09-27 00:10:54.710.
Test Suite 'SafariLiveReadingUITests' started at 2026-09-27 00:10:54.710.
Test Case '-[CastReaderUITests.SafariLiveReadingUITests testInstalledSafariReadingControls]' started.
    t =     0.00s Start Test at 2026-09-27 00:10:54.711
    t =     0.02s Set Up
    t =     0.03s Open com.apple.mobilesafari
    t =     0.03s     Activate com.apple.mobilesafari
    t =     0.04s         Wait for com.apple.mobilesafari to idle
    t =     0.06s Checking existence of `Alert (First Match)`
    t =     0.18s Waiting 20.0s for WebView (First Match) to exist
objc[11289]: Class UIAccessibilityLoaderWebShared is implemented in both /Library/Developer/CoreSimulator/Volumes/iOS_23F77/Library/Developer/CoreSimulator/Profiles/Runtimes/iOS 26.5.simruntime/Contents/Resources/RuntimeRoot/System/Library/AccessibilityBundles/WebCore.axbundle/WebCore (0x106df8310) and /Library/Developer/CoreSimulator/Volumes/iOS_23F77/Library/Developer/CoreSimulator/Profiles/Runtimes/iOS 26.5.simruntime/Contents/Resources/RuntimeRoot/System/Library/AccessibilityBundles/WebKit.axbundle/WebKit (0x105db0398). This may cause spurious casting failures and mysterious crashes. One of the duplicates must be removed or renamed.
    t =     1.20s     Checking `Expect predicate `existsNoRetry == 1` for object WebView (First Match)`
    t =     1.20s         Checking existence of `WebView (First Match)`
    t =     1.21s Checking existence of `"ReloadButton" Button`
    t =     1.33s Tap "ReloadButton" Button
    t =     1.33s     Wait for com.apple.mobilesafari to idle
    t =     1.33s     Find the "ReloadButton" Button
    t =     1.45s     Check for interrupting elements affecting "ReloadButton" Button
    t =     1.51s     Synthesize event
    t =     1.81s     Wait for com.apple.mobilesafari to idle
    t =     2.52s Find the Application 'com.apple.mobilesafari'
    t =     2.70s Added attachment named 'safari-before-reading'
    t =     2.70s Checking existence of `"CastReader QA status" TextView`
    t =     2.82s Requesting snapshot of accessibility hierarchy for app with pid 10933
    t =     4.14s Requesting snapshot of accessibility hierarchy for app with pid 10933
    t =     4.32s Added attachment named 'safari-controls-before-reading'
    t =     4.32s Checking existence of `Button (First Match)`
    t =     4.42s Waiting 45.0s for Button (First Match) to exist
    t =     5.49s     Checking `Expect predicate `existsNoRetry == 1` for object Button (First Match)`
    t =     5.49s         Checking existence of `Button (First Match)`
    t =     5.65s Tap Button (First Match)
    t =     5.65s     Wait for com.apple.mobilesafari to idle
    t =     6.01s     Find the Button (First Match)
    t =     6.12s     Check for interrupting elements affecting "Read this page" Button
    t =     6.19s     Synthesize event
    t =     6.50s     Wait for com.apple.mobilesafari to idle
    t =     6.51s Waiting 45.0s for Button (First Match) to exist
    t =     7.59s     Checking `Expect predicate `existsNoRetry == 1` for object Button (First Match)`
    t =     7.60s         Checking existence of `Button (First Match)`
    t =     7.72s         Capturing element debug description
    t =     8.59s     Checking `Expect predicate `existsNoRetry == 1` for object Button (First Match)`
    t =     8.59s         Checking existence of `Button (First Match)`
    t =     8.70s         Capturing element debug description
    t =     9.56s     Checking `Expect predicate `existsNoRetry == 1` for object Button (First Match)`
    t =     9.56s         Checking existence of `Button (First Match)`
    t =     9.68s         Capturing element debug description
    t =    10.55s     Checking `Expect predicate `existsNoRetry == 1` for object Button (First Match)`
    t =    10.55s         Checking existence of `Button (First Match)`
    t =    10.66s         Capturing element debug description
    t =    11.52s     Checking `Expect predicate `existsNoRetry == 1` for object Button (First Match)`
    t =    11.52s         Checking existence of `Button (First Match)`
    t =    11.64s         Capturing element debug description
    t =    12.61s     Checking `Expect predicate `existsNoRetry == 1` for object Button (First Match)`
    t =    12.61s         Checking existence of `Button (First Match)`
    t =    12.72s         Capturing element debug description
    t =    13.58s     Checking `Expect predicate `existsNoRetry == 1` for object Button (First Match)`
    t =    13.58s         Checking existence of `Button (First Match)`
    t =    13.69s         Capturing element debug description
    t =    14.55s     Checking `Expect predicate `existsNoRetry == 1` for object Button (First Match)`
    t =    14.55s         Checking existence of `Button (First Match)`
    t =    17.68s Find the Application 'com.apple.mobilesafari'
    t =    17.87s Added attachment named 'safari-playing-0'
    t =    17.88s Checking existence of `"CastReader QA status" TextView`
    t =    20.99s Find the Application 'com.apple.mobilesafari'
    t =    21.19s Added attachment named 'safari-playing-1'
    t =    21.19s Checking existence of `"CastReader QA status" TextView`
    t =    24.31s Find the Application 'com.apple.mobilesafari'
    t =    24.52s Added attachment named 'safari-playing-2'
    t =    24.52s Checking existence of `"CastReader QA status" TextView`
    t =    27.64s Find the Application 'com.apple.mobilesafari'
    t =    27.84s Added attachment named 'safari-playing-3'
    t =    27.85s Checking existence of `"CastReader QA status" TextView`
    t =    30.96s Find the Application 'com.apple.mobilesafari'
    t =    31.16s Added attachment named 'safari-playing-4'
    t =    31.16s Checking existence of `"CastReader QA status" TextView`
    t =    34.28s Find the Application 'com.apple.mobilesafari'
    t =    34.47s Added attachment named 'safari-playing-5'
    t =    34.47s Checking existence of `"CastReader QA status" TextView`
    t =    37.60s Find the Application 'com.apple.mobilesafari'
    t =    37.80s Added attachment named 'safari-playing-6'
    t =    37.80s Checking existence of `"CastReader QA status" TextView`
    t =    40.92s Find the Application 'com.apple.mobilesafari'
    t =    41.11s Added attachment named 'safari-playing-7'
    t =    41.11s Checking existence of `"CastReader QA status" TextView`
    t =    41.23s Checking existence of `Button (First Match)`
    t =    41.54s Checking existence of `Button (First Match)`
    t =    41.85s Checking existence of `Button (First Match)`
    t =    42.18s Checking existence of `Button (First Match)`
    t =    42.50s Checking existence of `Button (First Match)`
    t =    42.82s Checking existence of `Button (First Match)`
    t =    43.14s Checking existence of `Button (First Match)`
    t =    43.46s Checking existence of `Button (First Match)`
    t =    43.78s Checking existence of `Button (First Match)`
    t =    44.10s Checking existence of `Button (First Match)`
    t =    44.43s Checking existence of `Button (First Match)`
    t =    44.75s Checking existence of `Button (First Match)`
    t =    45.07s Checking existence of `Button (First Match)`
    t =    45.39s Checking existence of `Button (First Match)`
    t =    45.72s Checking existence of `Button (First Match)`
    t =    46.03s Checking existence of `Button (First Match)`
    t =    46.35s Checking existence of `Button (First Match)`
    t =    46.68s Checking existence of `Button (First Match)`
    t =    47.02s Checking existence of `Button (First Match)`
    t =    47.33s Checking existence of `Button (First Match)`
    t =    47.64s Checking existence of `Button (First Match)`
    t =    47.95s Checking existence of `Button (First Match)`
    t =    48.26s Checking existence of `Button (First Match)`
    t =    48.58s Checking existence of `Button (First Match)`
    t =    48.90s Checking existence of `Button (First Match)`
    t =    49.22s Checking existence of `Button (First Match)`
    t =    49.59s Checking existence of `Button (First Match)`
    t =    49.91s Checking existence of `Button (First Match)`
    t =    50.23s Checking existence of `Button (First Match)`
    t =    50.55s Checking existence of `Button (First Match)`
    t =    50.87s Checking existence of `Button (First Match)`
    t =    51.18s Checking existence of `Button (First Match)`
    t =    51.49s Checking existence of `Button (First Match)`
    t =    51.80s Checking existence of `Button (First Match)`
    t =    52.11s Checking existence of `Button (First Match)`
    t =    52.43s Checking existence of `Button (First Match)`
    t =    52.75s Checking existence of `Button (First Match)`
    t =    53.06s Checking existence of `Button (First Match)`
    t =    53.38s Checking existence of `Button (First Match)`
    t =    53.70s Checking existence of `Button (First Match)`
    t =    54.01s Checking existence of `Button (First Match)`
    t =    54.33s Checking existence of `Button (First Match)`
    t =    54.64s Checking existence of `Button (First Match)`
    t =    54.94s Checking existence of `Button (First Match)`
    t =    55.25s Checking existence of `Button (First Match)`
    t =    55.57s Checking existence of `Button (First Match)`
    t =    55.89s Checking existence of `Button (First Match)`
    t =    56.20s Checking existence of `Button (First Match)`
    t =    56.52s Checking existence of `Button (First Match)`
    t =    56.84s Checking existence of `Button (First Match)`
    t =    57.16s Checking existence of `Button (First Match)`
    t =    57.49s Checking existence of `Button (First Match)`
    t =    57.81s Checking existence of `Button (First Match)`
    t =    58.12s Checking existence of `Button (First Match)`
    t =    58.44s Checking existence of `Button (First Match)`
    t =    58.76s Checking existence of `Button (First Match)`
    t =    59.08s Checking existence of `Button (First Match)`
    t =    59.39s Checking existence of `Button (First Match)`
    t =    59.72s Checking existence of `Button (First Match)`
    t =    60.04s Checking existence of `Button (First Match)`
    t =    60.36s Checking existence of `Button (First Match)`
    t =    60.68s Checking existence of `Button (First Match)`
    t =    61.01s Checking existence of `Button (First Match)`
    t =    61.32s Checking existence of `Button (First Match)`
    t =    61.63s Checking existence of `Button (First Match)`
    t =    61.96s Checking existence of `Button (First Match)`
    t =    62.28s Checking existence of `Button (First Match)`
    t =    62.60s Checking existence of `Button (First Match)`
    t =    62.93s Checking existence of `Button (First Match)`
    t =    63.25s Checking existence of `Button (First Match)`
    t =    63.57s Checking existence of `Button (First Match)`
    t =    63.87s Checking existence of `Button (First Match)`
    t =    64.18s Checking existence of `Button (First Match)`
    t =    64.50s Checking existence of `Button (First Match)`
    t =    64.80s Checking existence of `Button (First Match)`
    t =    65.11s Checking existence of `Button (First Match)`
    t =    65.43s Checking existence of `Button (First Match)`
    t =    65.74s Checking existence of `Button (First Match)`
    t =    66.04s Checking existence of `Button (First Match)`
    t =    66.35s Checking existence of `Button (First Match)`
    t =    66.66s Checking existence of `Button (First Match)`
    t =    66.98s Checking existence of `Button (First Match)`
    t =    67.29s Checking existence of `Button (First Match)`
    t =    67.60s Checking existence of `Button (First Match)`
    t =    67.91s Checking existence of `Button (First Match)`
    t =    68.21s Checking existence of `Button (First Match)`
    t =    68.51s Checking existence of `Button (First Match)`
    t =    68.82s Checking existence of `Button (First Match)`
    t =    69.13s Checking existence of `Button (First Match)`
    t =    69.44s Checking existence of `Button (First Match)`
    t =    69.74s Checking existence of `Button (First Match)`
    t =    70.05s Checking existence of `Button (First Match)`
    t =    70.38s Checking existence of `Button (First Match)`
    t =    70.70s Checking existence of `Button (First Match)`
    t =    71.02s Checking existence of `Button (First Match)`
    t =    71.33s Checking existence of `Button (First Match)`
    t =    71.65s Checking existence of `Button (First Match)`
    t =    71.96s Checking existence of `Button (First Match)`
    t =    72.28s Checking existence of `Button (First Match)`
    t =    72.59s Checking existence of `Button (First Match)`
    t =    72.90s Checking existence of `Button (First Match)`
    t =    73.22s Checking existence of `Button (First Match)`
    t =    73.53s Checking existence of `Button (First Match)`
    t =    73.84s Checking existence of `Button (First Match)`
    t =    74.16s Checking existence of `Button (First Match)`
    t =    74.47s Checking existence of `Button (First Match)`
    t =    74.78s Checking existence of `Button (First Match)`
    t =    75.09s Checking existence of `Button (First Match)`
    t =    75.40s Checking existence of `Button (First Match)`
    t =    75.71s Checking existence of `Button (First Match)`
    t =    76.03s Checking existence of `Button (First Match)`
    t =    76.34s Checking existence of `Button (First Match)`
    t =    76.65s Checking existence of `Button (First Match)`
    t =    76.96s Checking existence of `Button (First Match)`
    t =    77.28s Checking existence of `Button (First Match)`
    t =    77.59s Checking existence of `Button (First Match)`
    t =    77.90s Checking existence of `Button (First Match)`
    t =    78.21s Checking existence of `Button (First Match)`
    t =    78.52s Checking existence of `Button (First Match)`
    t =    78.84s Checking existence of `Button (First Match)`
    t =    79.16s Checking existence of `Button (First Match)`
    t =    79.46s Checking existence of `Button (First Match)`
    t =    79.78s Checking existence of `Button (First Match)`
    t =    80.11s Checking existence of `Button (First Match)`
    t =    80.43s Checking existence of `Button (First Match)`
    t =    80.75s Checking existence of `Button (First Match)`
    t =    81.06s Checking existence of `Button (First Match)`
    t =    81.39s Checking existence of `Button (First Match)`
    t =    81.71s Checking existence of `Button (First Match)`
    t =    82.03s Checking existence of `Button (First Match)`
    t =    82.34s Checking existence of `Button (First Match)`
    t =    82.66s Checking existence of `Button (First Match)`
    t =    82.96s Checking existence of `Button (First Match)`
    t =    83.26s Checking existence of `Button (First Match)`
    t =    83.58s Checking existence of `Button (First Match)`
    t =    83.90s Checking existence of `Button (First Match)`
    t =    84.21s Checking existence of `Button (First Match)`
    t =    84.53s Checking existence of `Button (First Match)`
    t =    84.84s Checking existence of `Button (First Match)`
    t =    85.16s Checking existence of `Button (First Match)`
    t =    85.48s Checking existence of `Button (First Match)`
    t =    85.79s Checking existence of `Button (First Match)`
    t =    86.10s Checking existence of `Button (First Match)`
    t =    86.41s Checking existence of `Button (First Match)`
    t =    86.73s Checking existence of `Button (First Match)`
    t =    87.05s Checking existence of `Button (First Match)`
    t =    87.36s Checking existence of `Button (First Match)`
    t =    87.68s Checking existence of `Button (First Match)`
    t =    87.99s Checking existence of `Button (First Match)`
    t =    88.31s Checking existence of `Button (First Match)`
    t =    88.61s Checking existence of `Button (First Match)`
    t =    88.93s Checking existence of `Button (First Match)`
    t =    89.24s Checking existence of `Button (First Match)`
    t =    89.56s Checking existence of `Button (First Match)`
    t =    89.86s Checking existence of `Button (First Match)`
    t =    89.99s Checking existence of `Button (First Match)`
    t =    90.09s Tap Button (First Match)
    t =    90.09s     Wait for com.apple.mobilesafari to idle
    t =    90.09s     Find the Button (First Match)
    t =    90.19s     Check for interrupting elements affecting "Pause" Button
    t =    90.26s     Synthesize event
    t =    90.57s     Wait for com.apple.mobilesafari to idle
    t =    90.57s Waiting 5.0s for Button (First Match) to exist
    t =    91.62s     Checking `Expect predicate `existsNoRetry == 1` for object Button (First Match)`
    t =    91.62s         Checking existence of `Button (First Match)`
    t =    91.74s Find the Application 'com.apple.mobilesafari'
    t =    91.92s Added attachment named 'safari-paused-start'
    t =    91.93s Checking existence of `"CastReader QA status" TextView`
    t =    95.04s Find the Application 'com.apple.mobilesafari'
    t =    95.23s Added attachment named 'safari-paused-end'
    t =    95.23s Checking existence of `"CastReader QA status" TextView`
    t =    95.34s Checking existence of `Any (First Match)`
    t =    95.44s Tap Any (First Match)
    t =    95.44s     Wait for com.apple.mobilesafari to idle
    t =    95.44s     Find the Any (First Match)
    t =    95.54s     Check for interrupting elements affecting "Speed" Other
    t =    95.63s     Synthesize event
    t =    95.94s     Wait for com.apple.mobilesafari to idle
    t =    95.94s Waiting 5.0s for Any (First Match) to exist
    t =    96.98s     Checking `Expect predicate `existsNoRetry == 1` for object Any (First Match)`
    t =    96.98s         Checking existence of `Any (First Match)`
    t =    97.11s Tap Any (First Match)
    t =    97.11s     Wait for com.apple.mobilesafari to idle
    t =    97.11s     Find the Any (First Match)
    t =    97.22s     Check for interrupting elements affecting "0.75x" MenuItem
    t =    97.31s     Synthesize event
    t =    97.61s     Wait for com.apple.mobilesafari to idle
    t =    97.61s Find the Application 'com.apple.mobilesafari'
    t =    97.80s Added attachment named 'safari-rate-changed'
    t =    97.80s Checking existence of `"CastReader QA status" TextView`
    t =    97.92s Checking existence of `Button (First Match)`
    t =    98.01s Tap Button (First Match)
    t =    98.01s     Wait for com.apple.mobilesafari to idle
    t =    98.01s     Find the Button (First Match)
    t =    98.11s     Check for interrupting elements affecting "Choose voice" Button
    t =    98.18s     Synthesize event
    t =    98.48s     Wait for com.apple.mobilesafari to idle
    t =    98.49s Requesting snapshot of accessibility hierarchy for app with pid 10933
    t =   101.15s Requesting snapshot of accessibility hierarchy for app with pid 10933
    t =   101.54s Added attachment named 'safari-voice-options'
    t =   101.54s Waiting 10.0s for Button (First Match) to exist
    t =   102.60s     Checking `Expect predicate `existsNoRetry == 1` for object Button (First Match)`
    t =   102.60s         Checking existence of `Button (First Match)`
    t =   102.79s Find the Button (First Match)
    t =   102.96s Checking existence of `Button (First Match)`
    t =   103.13s Tap Button (First Match)
    t =   103.13s     Wait for com.apple.mobilesafari to idle
    t =   103.13s     Find the Button (First Match)
    t =   103.30s     Check for interrupting elements affecting "H Heart en-US · american · female long-form reading" Button
    t =   103.41s     Synthesize event
    t =   103.74s     Wait for com.apple.mobilesafari to idle
    t =   103.74s Find the Application 'com.apple.mobilesafari'
    t =   103.94s Added attachment named 'safari-voice-changed'
    t =   103.94s Checking existence of `"CastReader QA status" TextView`
    t =   104.05s Waiting 30.0s for Button (First Match) to exist
    t =   105.11s     Checking `Expect predicate `existsNoRetry == 1` for object Button (First Match)`
    t =   105.11s         Checking existence of `Button (First Match)`
    t =   105.22s Tap Button (First Match)
    t =   105.22s     Wait for com.apple.mobilesafari to idle
    t =   105.23s     Find the Button (First Match)
    t =   105.32s     Check for interrupting elements affecting "Resume" Button
    t =   105.40s     Synthesize event
    t =   105.69s     Wait for com.apple.mobilesafari to idle
    t =   105.70s Waiting 45.0s for "Pause" Button to exist
    t =   106.73s     Checking `Expect predicate `existsNoRetry == 1` for object "Pause" Button`
    t =   106.73s         Checking existence of `"Pause" Button`
    t =   106.85s         Capturing element debug description
    t =   106.85s             Requesting snapshot of accessibility hierarchy for app with pid 10933
    t =   107.04s             Requesting snapshot of accessibility hierarchy for app with pid 10933
    t =   107.22s             Find: Descendants matching type Button
    t =   107.22s             Find: Elements matching predicate 'label IN {"Pause", "暂停"}'
    t =   107.23s             Requesting snapshot of accessibility hierarchy for app with pid 10933
    t =   107.40s             Find: Descendants matching type Button
    t =   107.41s             Requesting snapshot of accessibility hierarchy for app with pid 10933
    t =   108.75s     Checking `Expect predicate `existsNoRetry == 1` for object "Pause" Button`
    t =   108.75s         Checking existence of `"Pause" Button`
    t =   108.85s         Capturing element debug description
    t =   108.85s             Requesting snapshot of accessibility hierarchy for app with pid 10933
    t =   109.04s             Requesting snapshot of accessibility hierarchy for app with pid 10933
    t =   109.22s             Find: Descendants matching type Button
    t =   109.22s             Find: Elements matching predicate 'label IN {"Pause", "暂停"}'
    t =   109.23s             Requesting snapshot of accessibility hierarchy for app with pid 10933
    t =   109.42s             Find: Descendants matching type Button
    t =   109.42s             Requesting snapshot of accessibility hierarchy for app with pid 10933
    t =   110.79s     Checking `Expect predicate `existsNoRetry == 1` for object "Pause" Button`
    t =   110.79s         Checking existence of `"Pause" Button`
    t =   110.91s         Capturing element debug description
    t =   110.91s             Requesting snapshot of accessibility hierarchy for app with pid 10933
    t =   111.10s             Requesting snapshot of accessibility hierarchy for app with pid 10933
    t =   111.28s             Find: Descendants matching type Button
    t =   111.28s             Find: Elements matching predicate 'label IN {"Pause", "暂停"}'
    t =   111.29s             Requesting snapshot of accessibility hierarchy for app with pid 10933
    t =   111.47s             Find: Descendants matching type Button
    t =   111.48s             Requesting snapshot of accessibility hierarchy for app with pid 10933
    t =   112.72s     Checking `Expect predicate `existsNoRetry == 1` for object "Pause" Button`
    t =   112.72s         Checking existence of `"Pause" Button`
    t =   112.85s         Capturing element debug description
    t =   112.85s             Requesting snapshot of accessibility hierarchy for app with pid 10933
    t =   113.04s             Requesting snapshot of accessibility hierarchy for app with pid 10933
    t =   113.22s             Find: Descendants matching type Button
    t =   113.23s             Find: Elements matching predicate 'label IN {"Pause", "暂停"}'
    t =   113.23s             Requesting snapshot of accessibility hierarchy for app with pid 10933
    t =   113.41s             Find: Descendants matching type Button
    t =   113.42s             Requesting snapshot of accessibility hierarchy for app with pid 10933
    t =   114.78s     Checking `Expect predicate `existsNoRetry == 1` for object "Pause" Button`
    t =   114.79s         Checking existence of `"Pause" Button`
    t =   114.91s         Capturing element debug description
    t =   114.91s             Requesting snapshot of accessibility hierarchy for app with pid 10933
    t =   115.10s             Requesting snapshot of accessibility hierarchy for app with pid 10933
    t =   115.29s             Find: Descendants matching type Button
    t =   115.29s             Find: Elements matching predicate 'label IN {"Pause", "暂停"}'
    t =   115.29s             Requesting snapshot of accessibility hierarchy for app with pid 10933
    t =   115.48s             Find: Descendants matching type Button
    t =   115.48s             Requesting snapshot of accessibility hierarchy for app with pid 10933
    t =   116.72s     Checking `Expect predicate `existsNoRetry == 1` for object "Pause" Button`
    t =   116.72s         Checking existence of `"Pause" Button`
    t =   116.84s         Capturing element debug description
    t =   116.84s             Requesting snapshot of accessibility hierarchy for app with pid 10933
    t =   117.03s             Requesting snapshot of accessibility hierarchy for app with pid 10933
    t =   117.21s             Find: Descendants matching type Button
    t =   117.22s             Find: Elements matching predicate 'label IN {"Pause", "暂停"}'
    t =   117.22s             Requesting snapshot of accessibility hierarchy for app with pid 10933
    t =   117.40s             Find: Descendants matching type Button
    t =   117.41s             Requesting snapshot of accessibility hierarchy for app with pid 10933
    t =   118.77s     Checking `Expect predicate `existsNoRetry == 1` for object "Pause" Button`
    t =   118.77s         Checking existence of `"Pause" Button`
    t =   118.87s         Capturing element debug description
    t =   118.87s             Requesting snapshot of accessibility hierarchy for app with pid 10933
    t =   119.07s             Requesting snapshot of accessibility hierarchy for app with pid 10933
    t =   119.25s             Find: Descendants matching type Button
    t =   119.25s             Find: Elements matching predicate 'label IN {"Pause", "暂停"}'
    t =   119.25s             Requesting snapshot of accessibility hierarchy for app with pid 10933
    t =   119.44s             Find: Descendants matching type Button
    t =   119.45s             Requesting snapshot of accessibility hierarchy for app with pid 10933
    t =   120.76s     Checking `Expect predicate `existsNoRetry == 1` for object "Pause" Button`
    t =   120.76s         Checking existence of `"Pause" Button`
    t =   123.86s Find the Application 'com.apple.mobilesafari'
    t =   124.05s Added attachment named 'safari-resumed-0'
    t =   124.05s Checking existence of `"CastReader QA status" TextView`
    t =   127.17s Find the Application 'com.apple.mobilesafari'
    t =   127.36s Added attachment named 'safari-resumed-1'
    t =   127.36s Checking existence of `"CastReader QA status" TextView`
    t =   130.48s Find the Application 'com.apple.mobilesafari'
    t =   130.67s Added attachment named 'safari-resumed-2'
    t =   130.67s Checking existence of `"CastReader QA status" TextView`
    t =   133.79s Find the Application 'com.apple.mobilesafari'
    t =   133.98s Added attachment named 'safari-resumed-3'
    t =   133.98s Checking existence of `"CastReader QA status" TextView`
    t =   137.10s Find the Application 'com.apple.mobilesafari'
    t =   137.30s Added attachment named 'safari-resumed-4'
    t =   137.30s Checking existence of `"CastReader QA status" TextView`
    t =   140.41s Find the Application 'com.apple.mobilesafari'
    t =   140.59s Added attachment named 'safari-resumed-5'
    t =   140.59s Checking existence of `"CastReader QA status" TextView`
    t =   143.71s Find the Application 'com.apple.mobilesafari'
    t =   143.91s Added attachment named 'safari-resumed-6'
    t =   143.91s Checking existence of `"CastReader QA status" TextView`
    t =   147.03s Find the Application 'com.apple.mobilesafari'
    t =   147.21s Added attachment named 'safari-resumed-7'
    t =   147.21s Checking existence of `"CastReader QA status" TextView`
    t =   147.33s Checking existence of `Button (First Match)`
    t =   147.43s Tap Button (First Match)
    t =   147.43s     Wait for com.apple.mobilesafari to idle
    t =   147.43s     Find the Button (First Match)
    t =   147.53s     Check for interrupting elements affecting "Stop" Button
    t =   147.60s     Synthesize event
    t =   147.90s     Wait for com.apple.mobilesafari to idle
    t =   150.82s Find the Application 'com.apple.mobilesafari'
    t =   151.02s Added attachment named 'safari-stopped'
    t =   151.02s Checking existence of `"CastReader QA status" TextView`
    t =   151.13s Checking existence of `"Pause" Button`
    t =   151.23s Tear Down
Test Case '-[CastReaderUITests.SafariLiveReadingUITests testInstalledSafariReadingControls]' passed (151.571 seconds).
Test Suite 'SafariLiveReadingUITests' passed at 2026-09-27 00:13:26.283.
	 Executed 1 test, with 0 failures (0 unexpected) in 151.571 (151.573) seconds
Test Suite 'CastReaderUITests.xctest' passed at 2026-09-27 00:13:26.284.
	 Executed 1 test, with 0 failures (0 unexpected) in 151.571 (151.574) seconds
Test Suite 'Selected tests' passed at 2026-09-27 00:13:26.284.
	 Executed 1 test, with 0 failures (0 unexpected) in 151.571 (151.575) seconds
2026-09-27 00:13:26.668 xcodebuild[11255:156499] [MT] IDETestOperationsObserverDebug: 154.194 elapsed -- Testing started completed.
2026-09-27 00:13:26.668 xcodebuild[11255:156499] [MT] IDETestOperationsObserverDebug: 0.000 sec, +0.000 sec -- start
2026-09-27 00:13:26.668 xcodebuild[11255:156499] [MT] IDETestOperationsObserverDebug: 154.194 sec, +154.194 sec -- end

Test session results, code coverage, and logs:
	/tmp/SafariFinalProductionUI6.xcresult

** TEST EXECUTE SUCCEEDED **

Testing started
